<!DOCTYPE html>
<html lang="en">
<head>
    <meta http-equiv="refresh" content="0;URL=../../democracy/trait.Approved.html">
    <title>Redirection</title>
</head>
<body>
    <p>Redirecting to <a href="../../democracy/trait.Approved.html">../../democracy/trait.Approved.html</a>...</p>
    <script>location.replace("../../democracy/trait.Approved.html" + location.search + location.hash);</script>
</body>
</html>